// Jest Snapshot v1, https://goo.gl/fbAQLP

exports[`<ShortenForm /> renders correctly 1`] = `
<form
  className="Shorty-ShortenForm"
>
  <input
    className="Shorty-Input Shorty-ShortenForm'__input"
    placeholder="Paste the link you want to shorten here"
  />
  <button
    className="Shorty-Button Shorty-ShortenForm__button Shorty-Button--disabled"
    disabled={true}
  >
    Shorten this link
  </button>
</form>
`;
