// Jest Snapshot v1, https://goo.gl/fbAQLP

exports[`<ShortcodesHeader /> renders correctly 1`] = `
<div
  className="Shorty-ShortcodesHeader"
>
  <h2
    className="Shorty-Heading Shorty-ShortcodesHeader__heading"
  >
    Previously shortened by you
  </h2>
  <a
    className="Shorty-Link Shorty-ShortcodesHeader__link"
  >
    Clear history
  </a>
</div>
`;
